// Jest Snapshot v1, https://goo.gl/fbAQLP

exports[`<App component> Snapshot of Body 1`] = `
<DocumentFragment>
  <div
    class="App"
  >
    <header
      class="App-header"
    >
      <img
        alt="logo"
        class="App-logo"
        data-testid="img-logo"
        src="SvgrURL"
      />
      <p
        data-testid="title-app"
      >
        Hello Vite + React!
      </p>
      <p>
        <button
          data-testid="button-count"
          type="button"
        >
          count is: 0
        </button>
      </p>
      <ol />
    </header>
  </div>
</DocumentFragment>
`;
